2026-10-05_20:16:42 Command: level 10 [Player: Test (GUID Full: 0x0000000000000004 Type: Player Low: 4) (Account: 1) X: -488.39627 Y: -4280.6016 Z: 42.79371 Map: 1 (Kalimdor) Area: 363 (Valley of Trials) Zone: Durotar Selected:  (GUID Full: 0x0000000000000000 Type: None Low: 0)]
2026-10-05_20:21:39 Command: mod money 20000000 [Player: Test (GUID Full: 0x0000000000000004 Type: Player Low: 4) (Account: 1) X: -626.4593 Y: -4236.69 Z: 38.361042 Map: 1 (Kalimdor) Area: 363 (Valley of Trials) Zone: Durotar Selected:  (GUID Full: 0x0000000000000000 Type: None Low: 0)]
2026-10-05_20:21:41 Command: mod money 200000000 [Player: Test (GUID Full: 0x0000000000000004 Type: Player Low: 4) (Account: 1) X: -626.4593 Y: -4236.69 Z: 38.361042 Map: 1 (Kalimdor) Area: 363 (Valley of Trials) Zone: Durotar Selected:  (GUID Full: 0x0000000000000000 Type: None Low: 0)]
2026-10-05_20:23:47 Command: level 49 [Player: Test (GUID Full: 0x0000000000000004 Type: Player Low: 4) (Account: 1) X: -400.96112 Y: -4435.6504 Z: 48.79059 Map: 1 (Kalimdor) Area: 363 (Valley of Trials) Zone: Durotar Selected:  (GUID Full: 0x0000000000000000 Type: None Low: 0)]
2026-10-05_20:23:51 Command: mod speed 5 [Player: Test (GUID Full: 0x0000000000000004 Type: Player Low: 4) (Account: 1) X: -400.96112 Y: -4435.6504 Z: 48.79059 Map: 1 (Kalimdor) Area: 363 (Valley of Trials) Zone: Durotar Selected:  (GUID Full: 0x0000000000000000 Type: None Low: 0)]
2026-10-05_20:37:28 Command: level 79 [Player: Test (GUID Full: 0x0000000000000005 Type: Player Low: 5) (Account: 1) X: -620.0617 Y: -4244.066 Z: 38.340042 Map: 1 (Kalimdor) Area: 363 (Valley of Trials) Zone: Durotar Selected:  (GUID Full: 0x0000000000000000 Type: None Low: 0)]
2026-10-05_20:39:20 Command: mod money 2000000000 [Player: Test (GUID Full: 0x0000000000000005 Type: Player Low: 5) (Account: 1) X: -630.12915 Y: -4235.6436 Z: 38.20353 Map: 1 (Kalimdor) Area: 363 (Valley of Trials) Zone: Durotar Selected:  (GUID Full: 0x0000000000000000 Type: None Low: 0)]
2026-10-05_20:49:31 Command: level 79 [Player: Dude (GUID Full: 0x0000000000000006 Type: Player Low: 6) (Account: 1) X: -547.0811 Y: -4276.481 Z: 39.72829 Map: 1 (Kalimdor) Area: 363 (Valley of Trials) Zone: Durotar Selected:  (GUID Full: 0x0000000000000000 Type: None Low: 0)]
2026-10-05_20:49:52 Command: mod money 2000000000 [Player: Dude (GUID Full: 0x0000000000000006 Type: Player Low: 6) (Account: 1) X: -630.88654 Y: -4235.782 Z: 38.156013 Map: 1 (Kalimdor) Area: 363 (Valley of Trials) Zone: Durotar Selected:  (GUID Full: 0x0000000000000000 Type: None Low: 0)]
2026-10-05_20:52:29 Command: morph 222 [Player: Dude (GUID Full: 0x0000000000000006 Type: Player Low: 6) (Account: 1) X: -460.78525 Y: -4312.5522 Z: 46.66827 Map: 1 (Kalimdor) Area: 363 (Valley of Trials) Zone: Durotar Selected:  (GUID Full: 0x0000000000000000 Type: None Low: 0)]
2026-10-05_20:52:31 Command: morph 2240 [Player: Dude (GUID Full: 0x0000000000000006 Type: Player Low: 6) (Account: 1) X: -461.81757 Y: -4312.4033 Z: 46.86309 Map: 1 (Kalimdor) Area: 363 (Valley of Trials) Zone: Durotar Selected:  (GUID Full: 0x0000000000000000 Type: None Low: 0)]
2026-10-05_20:52:33 Command: morph 2242 [Player: Dude (GUID Full: 0x0000000000000006 Type: Player Low: 6) (Account: 1) X: -470.15677 Y: -4311.199 Z: 47.14805 Map: 1 (Kalimdor) Area: 363 (Valley of Trials) Zone: Durotar Selected:  (GUID Full: 0x0000000000000000 Type: None Low: 0)]
2026-10-05_20:52:35 Command: morph 2255 [Player: Dude (GUID Full: 0x0000000000000006 Type: Player Low: 6) (Account: 1) X: -470.15677 Y: -4311.199 Z: 47.14805 Map: 1 (Kalimdor) Area: 363 (Valley of Trials) Zone: Durotar Selected:  (GUID Full: 0x0000000000000000 Type: None Low: 0)]
2026-10-05_20:52:37 Command: morph 2269 [Player: Dude (GUID Full: 0x0000000000000006 Type: Player Low: 6) (Account: 1) X: -470.15677 Y: -4311.199 Z: 47.14805 Map: 1 (Kalimdor) Area: 363 (Valley of Trials) Zone: Durotar Selected:  (GUID Full: 0x0000000000000000 Type: None Low: 0)]
2026-10-05_20:52:40 Command: morph 3232 [Player: Dude (GUID Full: 0x0000000000000006 Type: Player Low: 6) (Account: 1) X: -470.15677 Y: -4311.199 Z: 47.14805 Map: 1 (Kalimdor) Area: 363 (Valley of Trials) Zone: Durotar Selected:  (GUID Full: 0x0000000000000000 Type: None Low: 0)]
2026-10-05_20:52:42 Command: morph 3230 [Player: Dude (GUID Full: 0x0000000000000006 Type: Player Low: 6) (Account: 1) X: -478.00897 Y: -4310.0654 Z: 45.56771 Map: 1 (Kalimdor) Area: 363 (Valley of Trials) Zone: Durotar Selected:  (GUID Full: 0x0000000000000000 Type: None Low: 0)]
2026-10-05_20:52:45 Command: morph 23330 [Player: Dude (GUID Full: 0x0000000000000006 Type: Player Low: 6) (Account: 1) X: -478.00897 Y: -4310.0654 Z: 45.56771 Map: 1 (Kalimdor) Area: 363 (Valley of Trials) Zone: Durotar Selected:  (GUID Full: 0x0000000000000000 Type: None Low: 0)]
2026-10-05_20:52:50 Command: morph 23369 [Player: Dude (GUID Full: 0x0000000000000006 Type: Player Low: 6) (Account: 1) X: -485.7369 Y: -4308.95 Z: 43.89319 Map: 1 (Kalimdor) Area: 363 (Valley of Trials) Zone: Durotar Selected:  (GUID Full: 0x0000000000000000 Type: None Low: 0)]
2026-10-05_20:52:53 Command: morph 43424 [Player: Dude (GUID Full: 0x0000000000000006 Type: Player Low: 6) (Account: 1) X: -493.4255 Y: -4307.8403 Z: 42.43224 Map: 1 (Kalimdor) Area: 363 (Valley of Trials) Zone: Durotar Selected:  (GUID Full: 0x0000000000000000 Type: None Low: 0)]
2026-10-05_20:52:55 Command: morph 43421 [Player: Dude (GUID Full: 0x0000000000000006 Type: Player Low: 6) (Account: 1) X: -500.45267 Y: -4306.826 Z: 41.801464 Map: 1 (Kalimdor) Area: 363 (Valley of Trials) Zone: Durotar Selected:  (GUID Full: 0x0000000000000000 Type: None Low: 0)]
2026-10-05_20:52:57 Command: morph 90000 [Player: Dude (GUID Full: 0x0000000000000006 Type: Player Low: 6) (Account: 1) X: -500.45267 Y: -4306.826 Z: 41.801464 Map: 1 (Kalimdor) Area: 363 (Valley of Trials) Zone: Durotar Selected:  (GUID Full: 0x0000000000000000 Type: None Low: 0)]
2026-10-05_20:52:58 Command: morph 9000 [Player: Dude (GUID Full: 0x0000000000000006 Type: Player Low: 6) (Account: 1) X: -505.38556 Y: -4306.1143 Z: 42.919346 Map: 1 (Kalimdor) Area: 363 (Valley of Trials) Zone: Durotar Selected:  (GUID Full: 0x0000000000000000 Type: None Low: 0)]
2026-10-05_20:53:00 Command: morph 9002 [Player: Dude (GUID Full: 0x0000000000000006 Type: Player Low: 6) (Account: 1) X: -515.08234 Y: -4304.715 Z: 38.697216 Map: 1 (Kalimdor) Area: 363 (Valley of Trials) Zone: Durotar Selected:  (GUID Full: 0x0000000000000000 Type: None Low: 0)]
2026-10-05_20:53:01 Command: morph 9012 [Player: Dude (GUID Full: 0x0000000000000006 Type: Player Low: 6) (Account: 1) X: -515.08234 Y: -4304.715 Z: 38.697216 Map: 1 (Kalimdor) Area: 363 (Valley of Trials) Zone: Durotar Selected:  (GUID Full: 0x0000000000000000 Type: None Low: 0)]
2026-10-05_20:53:03 Command: morph 9033 [Player: Dude (GUID Full: 0x0000000000000006 Type: Player Low: 6) (Account: 1) X: -522.78033 Y: -4303.604 Z: 37.71376 Map: 1 (Kalimdor) Area: 363 (Valley of Trials) Zone: Durotar Selected:  (GUID Full: 0x0000000000000000 Type: None Low: 0)]
2026-10-05_20:53:05 Command: morph 9066 [Player: Dude (GUID Full: 0x0000000000000006 Type: Player Low: 6) (Account: 1) X: -529.6681 Y: -4302.6104 Z: 37.548992 Map: 1 (Kalimdor) Area: 363 (Valley of Trials) Zone: Durotar Selected:  (GUID Full: 0x0000000000000000 Type: None Low: 0)]
2026-10-05_20:53:08 Command: morph 9065 [Player: Dude (GUID Full: 0x0000000000000006 Type: Player Low: 6) (Account: 1) X: -536.5607 Y: -4301.615 Z: 37.424595 Map: 1 (Kalimdor) Area: 363 (Valley of Trials) Zone: Durotar Selected:  (GUID Full: 0x0000000000000000 Type: None Low: 0)]
2026-10-05_20:53:10 Command: morph 67 [Player: Dude (GUID Full: 0x0000000000000006 Type: Player Low: 6) (Account: 1) X: -536.5607 Y: -4301.615 Z: 37.424595 Map: 1 (Kalimdor) Area: 363 (Valley of Trials) Zone: Durotar Selected:  (GUID Full: 0x0000000000000000 Type: None Low: 0)]
2026-10-05_20:53:13 Command: morph 69 [Player: Dude (GUID Full: 0x0000000000000006 Type: Player Low: 6) (Account: 1) X: -536.5607 Y: -4301.615 Z: 37.424595 Map: 1 (Kalimdor) Area: 363 (Valley of Trials) Zone: Durotar Selected:  (GUID Full: 0x0000000000000000 Type: None Low: 0)]
2026-10-05_21:23:16 Command: level 6 [Player: Soragad (GUID Full: 0x0000000000000007 Type: Player Low: 7) (Account: 1) X: -6287.7563 Y: 361.36176 Z: 379.29984 Map: 0 (Eastern Kingdoms) Area: 132 (Coldridge Valley) Zone: Dun Morogh Selected: Ragged Young Wolf (GUID Full: 0xF1300002C1000048 Type: Creature Entry: 705 Low: 72)]
2026-10-05_21:23:25 Command: die [Player: Soragad (GUID Full: 0x0000000000000007 Type: Player Low: 7) (Account: 1) X: -6287.7563 Y: 361.36176 Z: 379.29984 Map: 0 (Eastern Kingdoms) Area: 132 (Coldridge Valley) Zone: Dun Morogh Selected: Ragged Young Wolf (GUID Full: 0xF1300002C1000048 Type: Creature Entry: 705 Low: 72)]
2026-10-05_21:23:31 Command: mod speed 2 [Player: Soragad (GUID Full: 0x0000000000000007 Type: Player Low: 7) (Account: 1) X: -6272.943 Y: 356.2567 Z: 379.70145 Map: 0 (Eastern Kingdoms) Area: 132 (Coldridge Valley) Zone: Dun Morogh Selected:  (GUID Full: 0x0000000000000000 Type: None Low: 0)]
2026-10-05_21:23:32 Command: mod speed 3 [Player: Soragad (GUID Full: 0x0000000000000007 Type: Player Low: 7) (Account: 1) X: -6272.943 Y: 356.2567 Z: 379.70145 Map: 0 (Eastern Kingdoms) Area: 132 (Coldridge Valley) Zone: Dun Morogh Selected:  (GUID Full: 0x0000000000000000 Type: None Low: 0)]
2026-10-05_21:26:41 Command: mod speed 3 [Player: Kuriggs (GUID Full: 0x0000000000000008 Type: Player Low: 8) (Account: 1) X: -6240.3433 Y: 331.4328 Z: 382.80536 Map: 0 (Eastern Kingdoms) Area: 132 (Coldridge Valley) Zone: Dun Morogh Selected:  (GUID Full: 0x0000000000000000 Type: None Low: 0)]
2026-10-05_21:27:07 Command: level 59 [Player: Kuriggs (GUID Full: 0x0000000000000008 Type: Player Low: 8) (Account: 1) X: -6304.44 Y: 361.1109 Z: 378.19495 Map: 0 (Eastern Kingdoms) Area: 132 (Coldridge Valley) Zone: Dun Morogh Selected:  (GUID Full: 0x0000000000000000 Type: None Low: 0)]
2026-10-05_21:28:59 Command: mod money 200000000 [Player: Kuriggs (GUID Full: 0x0000000000000008 Type: Player Low: 8) (Account: 1) X: -6202.7886 Y: 430.26324 Z: 387.5065 Map: 0 (Eastern Kingdoms) Area: 132 (Coldridge Valley) Zone: Dun Morogh Selected:  (GUID Full: 0x0000000000000000 Type: None Low: 0)]
2026-10-05_21:31:37 Command: level 20 [Player: Kuriggs (GUID Full: 0x0000000000000008 Type: Player Low: 8) (Account: 1) X: -6319.286 Y: 388.20807 Z: 379.90442 Map: 0 (Eastern Kingdoms) Area: 132 (Coldridge Valley) Zone: Dun Morogh Selected:  (GUID Full: 0x0000000000000000 Type: None Low: 0)]
2026-10-05_21:55:54 Command: lo item bottomless [Player: Kuriggs (GUID Full: 0x0000000000000008 Type: Player Low: 8) (Account: 1) X: -6346.1704 Y: 369.69275 Z: 378.2339 Map: 0 (Eastern Kingdoms) Area: 132 (Coldridge Valley) Zone: Dun Morogh Selected:  (GUID Full: 0x0000000000000000 Type: None Low: 0)]
2026-10-05_21:56:04 Command: additem  |cff0070dd|Hitem:14156:0:0:0:0:0:0:0:80|h[Bottomless Bag]|h|r [Player: Kuriggs (GUID Full: 0x0000000000000008 Type: Player Low: 8) (Account: 1) X: -6346.1704 Y: 369.69275 Z: 378.2339 Map: 0 (Eastern Kingdoms) Area: 132 (Coldridge Valley) Zone: Dun Morogh Selected:  (GUID Full: 0x0000000000000000 Type: None Low: 0)]
2026-10-05_21:56:08 Command: additem  |cff0070dd|Hitem:14156:0:0:0:0:0:0:0:80|h[Bottomless Bag]|h|r 3 [Player: Kuriggs (GUID Full: 0x0000000000000008 Type: Player Low: 8) (Account: 1) X: -6346.1704 Y: 369.69275 Z: 378.2339 Map: 0 (Eastern Kingdoms) Area: 132 (Coldridge Valley) Zone: Dun Morogh Selected:  (GUID Full: 0x0000000000000000 Type: None Low: 0)]
2026-10-05_22:16:51 Command: mod speed 3 [Player: Kuriggs (GUID Full: 0x0000000000000008 Type: Player Low: 8) (Account: 1) X: -6300.223 Y: 280.1665 Z: 380.5529 Map: 0 (Eastern Kingdoms) Area: 132 (Coldridge Valley) Zone: Dun Morogh Selected:  (GUID Full: 0x0000000000000000 Type: None Low: 0)]
2026-10-06_15:43:10 Command: lo item bottomless [Player: Asdaw (GUID Full: 0x0000000000000009 Type: Player Low: 9) (Account: 1) X: -618.518 Y: -4251.67 Z: 38.718 Map: 1 (Kalimdor) Area: 363 (Valley of Trials) Zone: Durotar Selected:  (GUID Full: 0x0000000000000000 Type: None Low: 0)]
2026-10-06_15:43:13 Command: additem 14156 4 [Player: Asdaw (GUID Full: 0x0000000000000009 Type: Player Low: 9) (Account: 1) X: -618.518 Y: -4251.67 Z: 38.718 Map: 1 (Kalimdor) Area: 363 (Valley of Trials) Zone: Durotar Selected:  (GUID Full: 0x0000000000000000 Type: None Low: 0)]
2026-10-06_15:43:31 Command: level 79 [Player: Asdaw (GUID Full: 0x0000000000000009 Type: Player Low: 9) (Account: 1) X: -618.518 Y: -4251.67 Z: 38.718 Map: 1 (Kalimdor) Area: 363 (Valley of Trials) Zone: Durotar Selected:  (GUID Full: 0x0000000000000000 Type: None Low: 0)]
2026-10-06_15:46:14 Command: mod money 20000000 [Player: Asdaw (GUID Full: 0x0000000000000009 Type: Player Low: 9) (Account: 1) X: -624.18744 Y: -4227.062 Z: 38.203842 Map: 1 (Kalimdor) Area: 363 (Valley of Trials) Zone: Durotar Selected:  (GUID Full: 0x0000000000000000 Type: None Low: 0)]
2026-10-06_15:46:16 Command: mod money 200000000 [Player: Asdaw (GUID Full: 0x0000000000000009 Type: Player Low: 9) (Account: 1) X: -624.18744 Y: -4227.062 Z: 38.203842 Map: 1 (Kalimdor) Area: 363 (Valley of Trials) Zone: Durotar Selected:  (GUID Full: 0x0000000000000000 Type: None Low: 0)]
2026-10-06_15:47:08 Command: tele orgrimmar [Player: Asdaw (GUID Full: 0x0000000000000009 Type: Player Low: 9) (Account: 1) X: -570.03076 Y: -4276.1753 Z: 37.861965 Map: 1 (Kalimdor) Area: 363 (Valley of Trials) Zone: Durotar Selected: Kraz'jin Bloodhook (GUID Full: 0xF13000AFCA00003D Type: Creature Entry: 45002 Low: 61)]
2026-10-06_15:47:13 Command: mod speed 5 [Player: Asdaw (GUID Full: 0x0000000000000009 Type: Player Low: 9) (Account: 1) X: 1629.36 Y: -4373.39 Z: 31.2564 Map: 1 (Kalimdor) Area: 1637 (Orgrimmar) Zone: Unknown Selected:  (GUID Full: 0x0000000000000000 Type: None Low: 0)]
2026-10-06_15:48:03 Command: lo skill axe [Player: Asdaw (GUID Full: 0x0000000000000009 Type: Player Low: 9) (Account: 1) X: 2109.5835 Y: -4680.203 Z: 44.04209 Map: 1 (Kalimdor) Area: 1637 (Orgrimmar) Zone: Unknown Selected:  (GUID Full: 0x0000000000000000 Type: None Low: 0)]
2026-10-06_15:48:37 Command: setskill 44 400 [Player: Asdaw (GUID Full: 0x0000000000000009 Type: Player Low: 9) (Account: 1) X: 2109.5835 Y: -4680.203 Z: 44.04209 Map: 1 (Kalimdor) Area: 1637 (Orgrimmar) Zone: Unknown Selected:  (GUID Full: 0x0000000000000000 Type: None Low: 0)]
2026-10-06_15:48:52 Command: setskill 44 400 [Player: Asdaw (GUID Full: 0x0000000000000009 Type: Player Low: 9) (Account: 1) X: 2109.5835 Y: -4680.203 Z: 44.04209 Map: 1 (Kalimdor) Area: 1637 (Orgrimmar) Zone: Unknown Selected:  (GUID Full: 0x0000000000000000 Type: None Low: 0)]
2026-10-06_16:14:13 Command: mod speed 3 [Player: Asddadw (GUID Full: 0x000000000000000A Type: Player Low: 10) (Account: 1) X: -587.7768 Y: -4264.3613 Z: 37.889797 Map: 1 (Kalimdor) Area: 363 (Valley of Trials) Zone: Durotar Selected:  (GUID Full: 0x0000000000000000 Type: None Low: 0)]
2026-10-06_16:14:27 Command: level 79 [Player: Asddadw (GUID Full: 0x000000000000000A Type: Player Low: 10) (Account: 1) X: -519.24634 Y: -4284.551 Z: 40.128384 Map: 1 (Kalimdor) Area: 363 (Valley of Trials) Zone: Durotar Selected:  (GUID Full: 0x0000000000000000 Type: None Low: 0)]
2026-10-06_16:14:49 Command: mod money 2000000000 [Player: Asddadw (GUID Full: 0x000000000000000A Type: Player Low: 10) (Account: 1) X: -624.4162 Y: -4228.91 Z: 38.281498 Map: 1 (Kalimdor) Area: 363 (Valley of Trials) Zone: Durotar Selected:  (GUID Full: 0x0000000000000000 Type: None Low: 0)]
2026-10-06_16:48:51 Command: tele orgrimmar [Player: Asddadw (GUID Full: 0x000000000000000A Type: Player Low: 10) (Account: 1) X: -611.30695 Y: -4275.7207 Z: 37.81346 Map: 1 (Kalimdor) Area: 363 (Valley of Trials) Zone: Durotar Selected:  (GUID Full: 0x0000000000000000 Type: None Low: 0)]
2026-10-06_16:48:53 Command: mod speed 3 [Player: Asddadw (GUID Full: 0x000000000000000A Type: Player Low: 10) (Account: 1) X: 1629.36 Y: -4373.39 Z: 31.2564 Map: 1 (Kalimdor) Area: 1637 (Orgrimmar) Zone: Unknown Selected:  (GUID Full: 0x0000000000000000 Type: None Low: 0)]
2026-10-06_16:48:59 Command: mod speed 5 [Player: Asddadw (GUID Full: 0x000000000000000A Type: Player Low: 10) (Account: 1) X: 1703.881 Y: -4385.5522 Z: 29.878824 Map: 1 (Kalimdor) Area: 1637 (Orgrimmar) Zone: Unknown Selected:  (GUID Full: 0x0000000000000000 Type: None Low: 0)]
2026-10-06_16:49:33 Command: lo skill fist [Player: Asddadw (GUID Full: 0x000000000000000A Type: Player Low: 10) (Account: 1) X: 2107.9724 Y: -4672.515 Z: 44.806896 Map: 1 (Kalimdor) Area: 1637 (Orgrimmar) Zone: Unknown Selected:  (GUID Full: 0x0000000000000000 Type: None Low: 0)]
2026-10-06_16:49:37 Command: setskill 473 400 [Player: Asddadw (GUID Full: 0x000000000000000A Type: Player Low: 10) (Account: 1) X: 2107.9724 Y: -4672.515 Z: 44.806896 Map: 1 (Kalimdor) Area: 1637 (Orgrimmar) Zone: Unknown Selected:  (GUID Full: 0x0000000000000000 Type: None Low: 0)]
2026-10-06_18:00:30 Command: lo skill fist [Player: Asddadw (GUID Full: 0x000000000000000A Type: Player Low: 10) (Account: 1) X: 2107.1602 Y: -4672.5044 Z: 44.904472 Map: 1 (Kalimdor) Area: 1637 (Orgrimmar) Zone: Unknown Selected:  (GUID Full: 0x0000000000000000 Type: None Low: 0)]
2026-10-06_18:00:35 Command: setskill 473 400 [Player: Asddadw (GUID Full: 0x000000000000000A Type: Player Low: 10) (Account: 1) X: 2107.1602 Y: -4672.5044 Z: 44.904472 Map: 1 (Kalimdor) Area: 1637 (Orgrimmar) Zone: Unknown Selected:  (GUID Full: 0x0000000000000000 Type: None Low: 0)]
2026-10-06_18:02:30 Command: setskill 473 400 [Player: Asddadw (GUID Full: 0x000000000000000A Type: Player Low: 10) (Account: 1) X: 2104.821 Y: -4667.0728 Z: 46.201305 Map: 1 (Kalimdor) Area: 1637 (Orgrimmar) Zone: Unknown Selected:  (GUID Full: 0x0000000000000000 Type: None Low: 0)]
2026-10-06_18:06:17 Command: setskill 473 400 [Player: Asddadw (GUID Full: 0x000000000000000A Type: Player Low: 10) (Account: 1) X: 2107.1672 Y: -4673.232 Z: 44.75092 Map: 1 (Kalimdor) Area: 1637 (Orgrimmar) Zone: Unknown Selected:  (GUID Full: 0x0000000000000000 Type: None Low: 0)]
2026-10-06_19:48:38 Command: setskill 473 400 [Player: Asddadw (GUID Full: 0x000000000000000A Type: Player Low: 10) (Account: 1) X: 2102.0366 Y: -4677.6777 Z: 44.601986 Map: 1 (Kalimdor) Area: 1637 (Orgrimmar) Zone: Unknown Selected:  (GUID Full: 0x0000000000000000 Type: None Low: 0)]
2026-10-06_19:48:39 Command: saveall [Player: Asddadw (GUID Full: 0x000000000000000A Type: Player Low: 10) (Account: 1) X: 2102.0366 Y: -4677.6777 Z: 44.601986 Map: 1 (Kalimdor) Area: 1637 (Orgrimmar) Zone: Unknown Selected:  (GUID Full: 0x0000000000000000 Type: None Low: 0)]
2026-10-06_19:48:57 Command: setskill 473 400 [Player: Asddadw (GUID Full: 0x000000000000000A Type: Player Low: 10) (Account: 1) X: 2101.5212 Y: -4679.111 Z: 44.356125 Map: 1 (Kalimdor) Area: 1637 (Orgrimmar) Zone: Unknown Selected:  (GUID Full: 0x0000000000000000 Type: None Low: 0)]
2026-10-06_19:53:09 Command: setskill 473 400 [Player: Asddadw (GUID Full: 0x000000000000000A Type: Player Low: 10) (Account: 1) X: 2109.906 Y: -4666.553 Z: 45.97139 Map: 1 (Kalimdor) Area: 1637 (Orgrimmar) Zone: Unknown Selected:  (GUID Full: 0x0000000000000000 Type: None Low: 0)]
2026-10-06_20:30:05 Command: level 79 [Player: Shamanföfan (GUID Full: 0x0000000000000001 Type: Player Low: 1) (Account: 1) X: -618.518 Y: -4251.67 Z: 38.718 Map: 1 (Kalimdor) Area: 363 (Valley of Trials) Zone: Durotar Selected:  (GUID Full: 0x0000000000000000 Type: None Low: 0)]
2026-10-06_21:34:17 Command: tele durotar [Player: Asddadw (GUID Full: 0x000000000000000A Type: Player Low: 10) (Account: 1) X: 2095.8928 Y: -4672.6553 Z: 44.006947 Map: 1 (Kalimdor) Area: 1637 (Orgrimmar) Zone: Unknown Selected:  (GUID Full: 0x0000000000000000 Type: None Low: 0)]
2026-10-06_21:34:19 Command: mod speed 3 [Player: Asddadw (GUID Full: 0x000000000000000A Type: Player Low: 10) (Account: 1) X: 1007.78 Y: -4446.22 Z: 11.2022 Map: 1 (Kalimdor) Area: 14 (Durotar) Zone: Unknown Selected:  (GUID Full: 0x0000000000000000 Type: None Low: 0)]
2026-10-06_21:58:48 Command: mod xp 5 [Player: Chubs (GUID Full: 0x000000000000000B Type: Player Low: 11) (Account: 1) X: -507.33844 Y: -4282.4844 Z: 41.74827 Map: 1 (Kalimdor) Area: 363 (Valley of Trials) Zone: Durotar Selected:  (GUID Full: 0x0000000000000000 Type: None Low: 0)]
2026-10-06_21:59:39 Command: mod xp 500 [Player: Chubs (GUID Full: 0x000000000000000B Type: Player Low: 11) (Account: 1) X: -496.82324 Y: -4276.814 Z: 43.0529 Map: 1 (Kalimdor) Area: 363 (Valley of Trials) Zone: Durotar Selected:  (GUID Full: 0x0000000000000000 Type: None Low: 0)]
2026-10-06_22:01:10 Command: mod xp 500 [Player: Chubs (GUID Full: 0x000000000000000B Type: Player Low: 11) (Account: 1) X: -365.32147 Y: -4309.3706 Z: 48.775944 Map: 1 (Kalimdor) Area: 363 (Valley of Trials) Zone: Durotar Selected:  (GUID Full: 0x0000000000000000 Type: None Low: 0)]
2026-10-06_22:01:28 Command: mod xp 50000 [Player: Chubs (GUID Full: 0x000000000000000B Type: Player Low: 11) (Account: 1) X: -374.33847 Y: -4310.8325 Z: 49.502457 Map: 1 (Kalimdor) Area: 363 (Valley of Trials) Zone: Durotar Selected:  (GUID Full: 0x0000000000000000 Type: None Low: 0)]
2026-10-06_22:11:52 Command: tele orgrimmar [Player: Asddadw (GUID Full: 0x000000000000000A Type: Player Low: 10) (Account: 1) X: 1162.2025 Y: -4344.65 Z: 25.639437 Map: 1 (Kalimdor) Area: 14 (Durotar) Zone: Unknown Selected:  (GUID Full: 0x0000000000000000 Type: None Low: 0)]
2026-10-06_22:11:55 Command: mod speed 5 [Player: Asddadw (GUID Full: 0x000000000000000A Type: Player Low: 10) (Account: 1) X: 1629.36 Y: -4373.39 Z: 31.2564 Map: 1 (Kalimdor) Area: 1637 (Orgrimmar) Zone: Unknown Selected:  (GUID Full: 0x0000000000000000 Type: None Low: 0)]
2026-10-06_22:12:31 Command: setskill 473 400 [Player: Asddadw (GUID Full: 0x000000000000000A Type: Player Low: 10) (Account: 1) X: 2105.0088 Y: -4669.0786 Z: 45.80087 Map: 1 (Kalimdor) Area: 1637 (Orgrimmar) Zone: Unknown Selected:  (GUID Full: 0x0000000000000000 Type: None Low: 0)]
2026-10-06_22:12:38 Command: lo skill staff [Player: Asddadw (GUID Full: 0x000000000000000A Type: Player Low: 10) (Account: 1) X: 2104.527 Y: -4671.9087 Z: 45.312515 Map: 1 (Kalimdor) Area: 1637 (Orgrimmar) Zone: Unknown Selected:  (GUID Full: 0x0000000000000000 Type: None Low: 0)]
2026-10-06_22:12:41 Command: lo skill staves [Player: Asddadw (GUID Full: 0x000000000000000A Type: Player Low: 10) (Account: 1) X: 2104.527 Y: -4671.9087 Z: 45.312515 Map: 1 (Kalimdor) Area: 1637 (Orgrimmar) Zone: Unknown Selected:  (GUID Full: 0x0000000000000000 Type: None Low: 0)]
2026-10-06_22:12:45 Command: setskill 136 400 [Player: Asddadw (GUID Full: 0x000000000000000A Type: Player Low: 10) (Account: 1) X: 2104.527 Y: -4671.9087 Z: 45.312515 Map: 1 (Kalimdor) Area: 1637 (Orgrimmar) Zone: Unknown Selected:  (GUID Full: 0x0000000000000000 Type: None Low: 0)]
2026-10-06_22:19:16 Command: setskill 137 400 [Player: Asddadw (GUID Full: 0x000000000000000A Type: Player Low: 10) (Account: 1) X: 2101.0051 Y: -4669.4067 Z: 46.025467 Map: 1 (Kalimdor) Area: 1637 (Orgrimmar) Zone: Unknown Selected:  (GUID Full: 0x0000000000000000 Type: None Low: 0)]
2026-10-06_22:19:19 Command: setskill 136 400 [Player: Asddadw (GUID Full: 0x000000000000000A Type: Player Low: 10) (Account: 1) X: 2101.0051 Y: -4669.4067 Z: 46.025467 Map: 1 (Kalimdor) Area: 1637 (Orgrimmar) Zone: Unknown Selected:  (GUID Full: 0x0000000000000000 Type: None Low: 0)]
2026-10-07_17:48:32 Command: tele valleyoftrials [Player: Asddadw (GUID Full: 0x000000000000000A Type: Player Low: 10) (Account: 1) X: 2100.3438 Y: -4676.9194 Z: 44.27762 Map: 1 (Kalimdor) Area: 1637 (Orgrimmar) Zone: Unknown Selected:  (GUID Full: 0x0000000000000000 Type: None Low: 0)]
2026-10-07_18:54:17 Command: tele stormwind [Player: Kuriggs (GUID Full: 0x0000000000000008 Type: Player Low: 8) (Account: 1) X: -6329.2905 Y: 326.03928 Z: 378.21814 Map: 0 (Eastern Kingdoms) Area: 132 (Coldridge Valley) Zone: Dun Morogh Selected:  (GUID Full: 0x0000000000000000 Type: None Low: 0)]
2026-10-07_18:54:20 Command: mod speed 5 [Player: Kuriggs (GUID Full: 0x0000000000000008 Type: Player Low: 8) (Account: 1) X: -8833.38 Y: 628.628 Z: 94.0066 Map: 0 (Eastern Kingdoms) Area: 1519 (Stormwind City) Zone: Unknown Selected:  (GUID Full: 0x0000000000000000 Type: None Low: 0)]
2026-10-07_18:54:49 Command: lo skill mace [Player: Kuriggs (GUID Full: 0x0000000000000008 Type: Player Low: 8) (Account: 1) X: -8789.776 Y: 359.0211 Z: 101.01941 Map: 0 (Eastern Kingdoms) Area: 1519 (Stormwind City) Zone: Unknown Selected:  (GUID Full: 0x0000000000000000 Type: None Low: 0)]
2026-10-07_18:54:54 Command: setskill 160 400 [Player: Kuriggs (GUID Full: 0x0000000000000008 Type: Player Low: 8) (Account: 1) X: -8789.776 Y: 359.0211 Z: 101.01941 Map: 0 (Eastern Kingdoms) Area: 1519 (Stormwind City) Zone: Unknown Selected:  (GUID Full: 0x0000000000000000 Type: None Low: 0)]
2026-10-07_18:56:59 Command: tele orgrimmar [Player: Asddadw (GUID Full: 0x000000000000000A Type: Player Low: 10) (Account: 1) X: -614.3812 Y: -4248.319 Z: 38.95623 Map: 1 (Kalimdor) Area: 363 (Valley of Trials) Zone: Durotar Selected:  (GUID Full: 0x0000000000000000 Type: None Low: 0)]
2026-10-07_18:57:01 Command: mod speed 5 [Player: Asddadw (GUID Full: 0x000000000000000A Type: Player Low: 10) (Account: 1) X: 1629.36 Y: -4373.39 Z: 31.2564 Map: 1 (Kalimdor) Area: 1637 (Orgrimmar) Zone: Unknown Selected:  (GUID Full: 0x0000000000000000 Type: None Low: 0)]
